{
    "checksum": "79dbed29a17f679b788beff8a0d3ceec5512baa43b77fe59d45016ca336ba492",
    "file": "test_globals.js.expected",
    "mime": {
        "encoding": "us-ascii",
        "type": "text/plain"
    },
    "number_of_duplicates": 2,
    "package": "adblock-plus",
    "path": "adblock-plus/2.7.3+dfsg-1~deb8u1/jshydra/autotest/test_globals.js.expected",
    "pkg_infos": {
        "area": "main",
        "copyright": true,
        "ctags_count": 1650,
        "license": "/copyright/license/adblock-plus/2.7.3+dfsg-1%7Edeb8u1/",
        "metric": {
            "size": 5764
        },
        "pts_link": "https://tracker.debian.org/pkg/adblock-plus",
        "sloc": [
            [
                "python",
                2973
            ],
            [
                "perl",
                475
            ],
            [
                "xml",
                239
            ],
            [
                "makefile",
                20
            ]
        ],
        "suites": [
            "jessie"
        ],
        "vcs_browser": "http://anonscm.debian.org/gitweb/?p=pkg-mozext/adblock-plus.git",
        "vcs_type": "git"
    },
    "raw_url": "/data/main/a/adblock-plus/2.7.3%2Bdfsg-1~deb8u1/jshydra/autotest/test_globals.js.expected",
    "stat": {
        "perms": "rw-r--r--",
        "size": 97,
        "symlink_dest": null,
        "type": "-"
    },
    "text_file": true,
    "type": "file",
    "version": "2.7.3+dfsg-1~deb8u1"
}