{
    "content": [
        {
            "hidden": false,
            "name": "consistency_golden.proto",
            "stat": {
                "perms": "rw-r--r--",
                "size": 5539,
                "symlink_dest": null,
                "type": "-"
            },
            "type": "file"
        },
        {
            "hidden": false,
            "name": "override_bedtimes.textproto",
            "stat": {
                "perms": "rw-r--r--",
                "size": 2082,
                "symlink_dest": null,
                "type": "-"
            },
            "type": "file"
        },
        {
            "hidden": false,
            "name": "override_then_modify.textproto",
            "stat": {
                "perms": "rw-r--r--",
                "size": 2403,
                "symlink_dest": null,
                "type": "-"
            },
            "type": "file"
        },
        {
            "hidden": false,
            "name": "override_usage_limits_android.textproto",
            "stat": {
                "perms": "rw-r--r--",
                "size": 1631,
                "symlink_dest": null,
                "type": "-"
            },
            "type": "file"
        },
        {
            "hidden": false,
            "name": "override_usage_limits_cros.textproto",
            "stat": {
                "perms": "rw-r--r--",
                "size": 1638,
                "symlink_dest": null,
                "type": "-"
            },
            "type": "file"
        },
        {
            "hidden": false,
            "name": "simple_bedtimes.textproto",
            "stat": {
                "perms": "rw-r--r--",
                "size": 1302,
                "symlink_dest": null,
                "type": "-"
            },
            "type": "file"
        },
        {
            "hidden": false,
            "name": "simple_override.textproto",
            "stat": {
                "perms": "rw-r--r--",
                "size": 525,
                "symlink_dest": null,
                "type": "-"
            },
            "type": "file"
        },
        {
            "hidden": false,
            "name": "simple_usage_limits.textproto",
            "stat": {
                "perms": "rw-r--r--",
                "size": 1066,
                "symlink_dest": null,
                "type": "-"
            },
            "type": "file"
        }
    ],
    "directory": "goldens",
    "package": "chromium",
    "path": "chromium/93.0.4577.82-1/chrome/browser/ash/child_accounts/time_limit_consistency_test/goldens",
    "pkg_infos": {
        "area": "main",
        "copyright": true,
        "ctags_count": 0,
        "license": "/copyright/license/chromium/93.0.4577.82-1/",
        "metric": {
            "size": 3768128
        },
        "pts_link": "https://tracker.debian.org/pkg/chromium",
        "sloc": [
            [
                "cpp",
                20884188
            ],
            [
                "ansic",
                3307938
            ],
            [
                "javascript",
                2907366
            ],
            [
                "python",
                1487922
            ],
            [
                "xml",
                621019
            ],
            [
                "java",
                597477
            ],
            [
                "asm",
                456682
            ],
            [
                "sh",
                86888
            ],
            [
                "objc",
                83701
            ],
            [
                "perl",
                80004
            ],
            [
                "cs",
                73239
            ],
            [
                "fortran",
                24137
            ],
            [
                "php",
                20393
            ],
            [
                "tcl",
                18931
            ],
            [
                "ruby",
                17004
            ],
            [
                "makefile",
                16368
            ],
            [
                "pascal",
                13154
            ],
            [
                "sql",
                11500
            ],
            [
                "yacc",
                7855
            ],
            [
                "lex",
                1315
            ],
            [
                "lisp",
                840
            ],
            [
                "awk",
                329
            ],
            [
                "jsp",
                39
            ],
            [
                "sed",
                19
            ]
        ],
        "suites": [
            "sid"
        ],
        "vcs_browser": "https://salsa.debian.org/chromium-team/chromium",
        "vcs_type": "git"
    },
    "type": "directory",
    "version": "93.0.4577.82-1"
}