{
    "checksum": "75f4ee576fffe40c6042c626b3fee40e9e981464fb52398c61d24c846dc9dc95",
    "file": "org_broadinstitute_barclay_help_testinputs_TestExtraDocs.html",
    "mime": {
        "encoding": "us-ascii",
        "type": "text/x-php"
    },
    "number_of_duplicates": 2,
    "package": "barclay",
    "path": "barclay/2.1.0-3.1/src/test/resources/org/broadinstitute/barclay/help/expected/HelpDoclet/org_broadinstitute_barclay_help_testinputs_TestExtraDocs.html",
    "pkg_infos": {
        "area": "main",
        "copyright": true,
        "ctags_count": 0,
        "license": "/copyright/license/barclay/2.1.0-3.1/",
        "metric": {
            "size": 1248
        },
        "pts_link": "https://tracker.debian.org/pkg/barclay",
        "sloc": [
            [
                "java",
                7262
            ],
            [
                "sh",
                673
            ],
            [
                "xml",
                64
            ],
            [
                "makefile",
                27
            ]
        ],
        "suites": [
            "bookworm",
            "bullseye",
            "sid"
        ],
        "vcs_browser": "https://salsa.debian.org/java-team/barclay",
        "vcs_type": "git"
    },
    "raw_url": "/data/main/b/barclay/2.1.0-3.1/src/test/resources/org/broadinstitute/barclay/help/expected/HelpDoclet/org_broadinstitute_barclay_help_testinputs_TestExtraDocs.html",
    "stat": {
        "perms": "rw-r--r--",
        "size": 3650,
        "symlink_dest": null,
        "type": "-"
    },
    "text_file": true,
    "type": "file",
    "version": "2.1.0-3.1"
}