{
    "content": [
        {
            "hidden": false,
            "name": "HashedSampleForAnnotationProcessorGenJni.2.golden",
            "stat": {
                "perms": "rw-r--r--",
                "size": 3774,
                "symlink_dest": null,
                "type": "-"
            },
            "type": "file"
        },
        {
            "hidden": false,
            "name": "HashedSampleForAnnotationProcessorGenJni.golden",
            "stat": {
                "perms": "rw-r--r--",
                "size": 3471,
                "symlink_dest": null,
                "type": "-"
            },
            "type": "file"
        },
        {
            "hidden": false,
            "name": "HashedSampleForAnnotationProcessor_jni.golden",
            "stat": {
                "perms": "rw-r--r--",
                "size": 9140,
                "symlink_dest": null,
                "type": "-"
            },
            "type": "file"
        },
        {
            "hidden": false,
            "name": "SampleForAnnotationProcessor_jni.golden",
            "stat": {
                "perms": "rw-r--r--",
                "size": 11108,
                "symlink_dest": null,
                "type": "-"
            },
            "type": "file"
        },
        {
            "hidden": false,
            "name": "SampleForTestsWithSplit_jni.golden",
            "stat": {
                "perms": "rw-r--r--",
                "size": 21171,
                "symlink_dest": null,
                "type": "-"
            },
            "type": "file"
        },
        {
            "hidden": false,
            "name": "SampleForTests_jni.golden",
            "stat": {
                "perms": "rw-r--r--",
                "size": 21141,
                "symlink_dest": null,
                "type": "-"
            },
            "type": "file"
        },
        {
            "hidden": false,
            "name": "testCalledByNatives.golden",
            "stat": {
                "perms": "rw-r--r--",
                "size": 17726,
                "symlink_dest": null,
                "type": "-"
            },
            "type": "file"
        },
        {
            "hidden": false,
            "name": "testConstantsFromJavaP.golden",
            "stat": {
                "perms": "rw-r--r--",
                "size": 82628,
                "symlink_dest": null,
                "type": "-"
            },
            "type": "file"
        },
        {
            "hidden": false,
            "name": "testFromJavaP.golden",
            "stat": {
                "perms": "rw-r--r--",
                "size": 9150,
                "symlink_dest": null,
                "type": "-"
            },
            "type": "file"
        },
        {
            "hidden": false,
            "name": "testFromJavaPGenerics.golden",
            "stat": {
                "perms": "rw-r--r--",
                "size": 2765,
                "symlink_dest": null,
                "type": "-"
            },
            "type": "file"
        },
        {
            "hidden": false,
            "name": "testGenJniFlagsDisabled.golden",
            "stat": {
                "perms": "rw-r--r--",
                "size": 3576,
                "symlink_dest": null,
                "type": "-"
            },
            "type": "file"
        },
        {
            "hidden": false,
            "name": "testGenJniFlagsMocksEnabled.golden",
            "stat": {
                "perms": "rw-r--r--",
                "size": 3575,
                "symlink_dest": null,
                "type": "-"
            },
            "type": "file"
        },
        {
            "hidden": false,
            "name": "testGenJniFlagsMocksRequired.golden",
            "stat": {
                "perms": "rw-r--r--",
                "size": 3574,
                "symlink_dest": null,
                "type": "-"
            },
            "type": "file"
        },
        {
            "hidden": false,
            "name": "testInnerClassNatives.golden",
            "stat": {
                "perms": "rw-r--r--",
                "size": 2180,
                "symlink_dest": null,
                "type": "-"
            },
            "type": "file"
        },
        {
            "hidden": false,
            "name": "testInnerClassNativesBothInnerAndOuter.golden",
            "stat": {
                "perms": "rw-r--r--",
                "size": 2536,
                "symlink_dest": null,
                "type": "-"
            },
            "type": "file"
        },
        {
            "hidden": false,
            "name": "testInnerClassNativesBothInnerAndOuterRegistrations.golden",
            "stat": {
                "perms": "rw-r--r--",
                "size": 3484,
                "symlink_dest": null,
                "type": "-"
            },
            "type": "file"
        },
        {
            "hidden": false,
            "name": "testInnerClassNativesMultiple.golden",
            "stat": {
                "perms": "rw-r--r--",
                "size": 3293,
                "symlink_dest": null,
                "type": "-"
            },
            "type": "file"
        },
        {
            "hidden": false,
            "name": "testInputStream.javap",
            "stat": {
                "perms": "rw-r--r--",
                "size": 6618,
                "symlink_dest": null,
                "type": "-"
            },
            "type": "file"
        },
        {
            "hidden": false,
            "name": "testMotionEvent.javap",
            "stat": {
                "perms": "rw-r--r--",
                "size": 65309,
                "symlink_dest": null,
                "type": "-"
            },
            "type": "file"
        },
        {
            "hidden": false,
            "name": "testMotionEvent.javap7",
            "stat": {
                "perms": "rw-r--r--",
                "size": 87060,
                "symlink_dest": null,
                "type": "-"
            },
            "type": "file"
        },
        {
            "hidden": false,
            "name": "testMultipleJNIAdditionalImport.golden",
            "stat": {
                "perms": "rw-r--r--",
                "size": 2385,
                "symlink_dest": null,
                "type": "-"
            },
            "type": "file"
        },
        {
            "hidden": false,
            "name": "testNativeExportsOnlyOption.golden",
            "stat": {
                "perms": "rw-r--r--",
                "size": 9450,
                "symlink_dest": null,
                "type": "-"
            },
            "type": "file"
        },
        {
            "hidden": false,
            "name": "testNatives.golden",
            "stat": {
                "perms": "rw-r--r--",
                "size": 8013,
                "symlink_dest": null,
                "type": "-"
            },
            "type": "file"
        },
        {
            "hidden": false,
            "name": "testNativesLong.golden",
            "stat": {
                "perms": "rw-r--r--",
                "size": 1531,
                "symlink_dest": null,
                "type": "-"
            },
            "type": "file"
        },
        {
            "hidden": false,
            "name": "testNativesRegistrations.golden",
            "stat": {
                "perms": "rw-r--r--",
                "size": 6468,
                "symlink_dest": null,
                "type": "-"
            },
            "type": "file"
        },
        {
            "hidden": false,
            "name": "testProxyNatives.golden",
            "stat": {
                "perms": "rw-r--r--",
                "size": 1802,
                "symlink_dest": null,
                "type": "-"
            },
            "type": "file"
        },
        {
            "hidden": false,
            "name": "testProxyNativesJava.golden",
            "stat": {
                "perms": "rw-r--r--",
                "size": 841,
                "symlink_dest": null,
                "type": "-"
            },
            "type": "file"
        },
        {
            "hidden": false,
            "name": "testProxyNativesMainDex.golden",
            "stat": {
                "perms": "rw-r--r--",
                "size": 2045,
                "symlink_dest": null,
                "type": "-"
            },
            "type": "file"
        },
        {
            "hidden": false,
            "name": "testProxyNativesMainDexAndNonMainDex.golden",
            "stat": {
                "perms": "rw-r--r--",
                "size": 3363,
                "symlink_dest": null,
                "type": "-"
            },
            "type": "file"
        },
        {
            "hidden": false,
            "name": "testProxyNativesRegistrations.golden",
            "stat": {
                "perms": "rw-r--r--",
                "size": 2875,
                "symlink_dest": null,
                "type": "-"
            },
            "type": "file"
        },
        {
            "hidden": false,
            "name": "testProxyNativesWithNatives.golden",
            "stat": {
                "perms": "rw-r--r--",
                "size": 3695,
                "symlink_dest": null,
                "type": "-"
            },
            "type": "file"
        },
        {
            "hidden": false,
            "name": "testREForNatives.golden",
            "stat": {
                "perms": "rw-r--r--",
                "size": 1386,
                "symlink_dest": null,
                "type": "-"
            },
            "type": "file"
        },
        {
            "hidden": false,
            "name": "testSingleJNIAdditionalImport.golden",
            "stat": {
                "perms": "rw-r--r--",
                "size": 2134,
                "symlink_dest": null,
                "type": "-"
            },
            "type": "file"
        },
        {
            "hidden": false,
            "name": "testStaticBindingCaller.golden",
            "stat": {
                "perms": "rw-r--r--",
                "size": 3292,
                "symlink_dest": null,
                "type": "-"
            },
            "type": "file"
        },
        {
            "hidden": false,
            "name": "testTracing.golden",
            "stat": {
                "perms": "rw-r--r--",
                "size": 3360,
                "symlink_dest": null,
                "type": "-"
            },
            "type": "file"
        }
    ],
    "directory": "golden",
    "package": "chromium",
    "path": "chromium/93.0.4577.82-1/base/android/jni_generator/golden",
    "pkg_infos": {
        "area": "main",
        "copyright": true,
        "ctags_count": 0,
        "license": "/copyright/license/chromium/93.0.4577.82-1/",
        "metric": {
            "size": 3768128
        },
        "pts_link": "https://tracker.debian.org/pkg/chromium",
        "sloc": [
            [
                "cpp",
                20884188
            ],
            [
                "ansic",
                3307938
            ],
            [
                "javascript",
                2907366
            ],
            [
                "python",
                1487922
            ],
            [
                "xml",
                621019
            ],
            [
                "java",
                597477
            ],
            [
                "asm",
                456682
            ],
            [
                "sh",
                86888
            ],
            [
                "objc",
                83701
            ],
            [
                "perl",
                80004
            ],
            [
                "cs",
                73239
            ],
            [
                "fortran",
                24137
            ],
            [
                "php",
                20393
            ],
            [
                "tcl",
                18931
            ],
            [
                "ruby",
                17004
            ],
            [
                "makefile",
                16368
            ],
            [
                "pascal",
                13154
            ],
            [
                "sql",
                11500
            ],
            [
                "yacc",
                7855
            ],
            [
                "lex",
                1315
            ],
            [
                "lisp",
                840
            ],
            [
                "awk",
                329
            ],
            [
                "jsp",
                39
            ],
            [
                "sed",
                19
            ]
        ],
        "suites": [
            "sid"
        ],
        "vcs_browser": "https://salsa.debian.org/chromium-team/chromium",
        "vcs_type": "git"
    },
    "type": "directory",
    "version": "93.0.4577.82-1"
}