{
    "checksum": "2289a79fd9cd5012d42b26662d5f6ca90310ae0996db56239f46a7b13df970ad",
    "file": "testInputStream.javap",
    "mime": {
        "encoding": "us-ascii",
        "type": "text/plain"
    },
    "number_of_duplicates": 12,
    "package": "chromium",
    "path": "chromium/93.0.4577.82-1/base/android/jni_generator/golden/testInputStream.javap",
    "pkg_infos": {
        "area": "main",
        "copyright": true,
        "ctags_count": 0,
        "license": "/copyright/license/chromium/93.0.4577.82-1/",
        "metric": {
            "size": 3768128
        },
        "pts_link": "https://tracker.debian.org/pkg/chromium",
        "sloc": [
            [
                "cpp",
                20884188
            ],
            [
                "ansic",
                3307938
            ],
            [
                "javascript",
                2907366
            ],
            [
                "python",
                1487922
            ],
            [
                "xml",
                621019
            ],
            [
                "java",
                597477
            ],
            [
                "asm",
                456682
            ],
            [
                "sh",
                86888
            ],
            [
                "objc",
                83701
            ],
            [
                "perl",
                80004
            ],
            [
                "cs",
                73239
            ],
            [
                "fortran",
                24137
            ],
            [
                "php",
                20393
            ],
            [
                "tcl",
                18931
            ],
            [
                "ruby",
                17004
            ],
            [
                "makefile",
                16368
            ],
            [
                "pascal",
                13154
            ],
            [
                "sql",
                11500
            ],
            [
                "yacc",
                7855
            ],
            [
                "lex",
                1315
            ],
            [
                "lisp",
                840
            ],
            [
                "awk",
                329
            ],
            [
                "jsp",
                39
            ],
            [
                "sed",
                19
            ]
        ],
        "suites": [
            "sid"
        ],
        "vcs_browser": "https://salsa.debian.org/chromium-team/chromium",
        "vcs_type": "git"
    },
    "raw_url": "/data/main/c/chromium/93.0.4577.82-1/base/android/jni_generator/golden/testInputStream.javap",
    "stat": {
        "perms": "rw-r--r--",
        "size": 6618,
        "symlink_dest": null,
        "type": "-"
    },
    "text_file": true,
    "type": "file",
    "version": "93.0.4577.82-1"
}