{
    "checksum": "b823200782997a9f8b97423508c320b21fa3d7bee7890b4c348ca7a5610a1e10",
    "file": "bug2.expected",
    "mime": {
        "encoding": "utf-8",
        "type": "text/plain"
    },
    "number_of_duplicates": 2,
    "package": "apertium-lex-tools",
    "path": "apertium-lex-tools/0.2.7-1/testing/bug2.expected",
    "pkg_infos": {
        "area": "main",
        "copyright": true,
        "ctags_count": 0,
        "license": "/copyright/license/apertium-lex-tools/0.2.7-1/",
        "metric": {
            "size": 712
        },
        "pts_link": "https://tracker.debian.org/pkg/apertium-lex-tools",
        "sloc": [
            [
                "cpp",
                3370
            ],
            [
                "xml",
                218
            ],
            [
                "python",
                196
            ],
            [
                "sh",
                51
            ],
            [
                "makefile",
                47
            ]
        ],
        "suites": [
            "bookworm",
            "bullseye",
            "sid"
        ],
        "vcs_browser": "https://salsa.debian.org/science-team/apertium-lex-tools",
        "vcs_type": "git"
    },
    "raw_url": "/data/main/a/apertium-lex-tools/0.2.7-1/testing/bug2.expected",
    "stat": {
        "perms": "rw-r--r--",
        "size": 152,
        "symlink_dest": null,
        "type": "-"
    },
    "text_file": true,
    "type": "file",
    "version": "0.2.7-1"
}