{
    "checksum": "b699327e251eaca7db5e96921295604d5ce4d4800f3bff46b82d36106e167652",
    "file": "unknown.expected",
    "mime": {
        "encoding": "us-ascii",
        "type": "text/plain"
    },
    "number_of_duplicates": 1,
    "package": "apertium-lex-tools",
    "path": "apertium-lex-tools/0.2.7-1/testing/unknown.expected",
    "pkg_infos": {
        "area": "main",
        "copyright": true,
        "ctags_count": 0,
        "license": "/copyright/license/apertium-lex-tools/0.2.7-1/",
        "metric": {
            "size": 712
        },
        "pts_link": "https://tracker.debian.org/pkg/apertium-lex-tools",
        "sloc": [
            [
                "cpp",
                3370
            ],
            [
                "xml",
                218
            ],
            [
                "python",
                196
            ],
            [
                "sh",
                51
            ],
            [
                "makefile",
                47
            ]
        ],
        "suites": [
            "bookworm",
            "bullseye",
            "sid"
        ],
        "vcs_browser": "https://salsa.debian.org/science-team/apertium-lex-tools",
        "vcs_type": "git"
    },
    "raw_url": "/data/main/a/apertium-lex-tools/0.2.7-1/testing/unknown.expected",
    "stat": {
        "perms": "rw-r--r--",
        "size": 110,
        "symlink_dest": null,
        "type": "-"
    },
    "text_file": true,
    "type": "file",
    "version": "0.2.7-1"
}