{
    "checksum": "68b72fadecb6ff87851397a58cb839973c0c11065a4888b590b3d352fe05e83e",
    "file": "conv.EMBL_2_MACKE.expected",
    "mime": {
        "encoding": "us-ascii",
        "type": "text/plain"
    },
    "number_of_duplicates": 4,
    "package": "arb",
    "path": "arb/6.0.6-4/UNIT_TESTER/run/impexp/conv.EMBL_2_MACKE.expected",
    "pkg_infos": {
        "area": "non-free",
        "copyright": true,
        "ctags_count": 0,
        "license": "/copyright/license/arb/6.0.6-4/",
        "metric": {
            "size": 66032
        },
        "pts_link": "https://tracker.debian.org/pkg/arb",
        "sloc": [
            [
                "ansic",
                394907
            ],
            [
                "cpp",
                250290
            ],
            [
                "makefile",
                19639
            ],
            [
                "sh",
                15879
            ],
            [
                "perl",
                10473
            ],
            [
                "fortran",
                6019
            ],
            [
                "ruby",
                683
            ],
            [
                "xml",
                503
            ],
            [
                "python",
                53
            ],
            [
                "awk",
                32
            ]
        ],
        "suites": [
            "bookworm",
            "bullseye",
            "buster",
            "sid"
        ],
        "vcs_browser": "https://salsa.debian.org/med-team/arb",
        "vcs_type": "git"
    },
    "raw_url": "/data/non-free/a/arb/6.0.6-4/UNIT_TESTER/run/impexp/conv.EMBL_2_MACKE.expected",
    "stat": {
        "perms": "rw-r--r--",
        "size": 8392,
        "symlink_dest": null,
        "type": "-"
    },
    "text_file": true,
    "type": "file",
    "version": "6.0.6-4"
}