{
    "checksum": "bd93d004644fc854f84fe34e72849f1bbb1257b4876fe508a9606f1226ebcee3",
    "file": "a.xml",
    "mime": {
        "encoding": "us-ascii",
        "type": "text/xml"
    },
    "number_of_duplicates": 1,
    "package": "boost",
    "path": "boost/1.34.1-14/tools/regression/xsl_reports/test/test-components/test_test_case_status/expected/a.xml",
    "pkg_infos": {
        "area": "main",
        "copyright": true,
        "ctags_count": 259566,
        "license": "/copyright/license/boost/1.34.1-14/",
        "metric": {
            "size": 116412
        },
        "pts_link": "https://tracker.debian.org/pkg/boost",
        "sloc": [
            [
                "cpp",
                642395
            ],
            [
                "xml",
                56450
            ],
            [
                "python",
                17612
            ],
            [
                "ansic",
                14520
            ],
            [
                "sh",
                2265
            ],
            [
                "yacc",
                858
            ],
            [
                "perl",
                481
            ],
            [
                "makefile",
                478
            ],
            [
                "lex",
                94
            ],
            [
                "sql",
                74
            ],
            [
                "csh",
                6
            ]
        ],
        "suites": [
            "lenny"
        ]
    },
    "raw_url": "/data/main/b/boost/1.34.1-14/tools/regression/xsl_reports/test/test-components/test_test_case_status/expected/a.xml",
    "stat": {
        "perms": "rw-r--r--",
        "size": 246,
        "symlink_dest": null,
        "type": "-"
    },
    "text_file": true,
    "type": "file",
    "version": "1.34.1-14"
}