{
    "content": [
        {
            "hidden": false,
            "name": "activity.png",
            "stat": {
                "perms": "rw-r--r--",
                "size": 7991,
                "symlink_dest": null,
                "type": "-"
            },
            "type": "file"
        },
        {
            "hidden": false,
            "name": "allwidgets.png",
            "stat": {
                "perms": "rw-r--r--",
                "size": 10356,
                "symlink_dest": null,
                "type": "-"
            },
            "type": "file"
        },
        {
            "hidden": false,
            "name": "array_check.png",
            "stat": {
                "perms": "rw-r--r--",
                "size": 5188,
                "symlink_dest": null,
                "type": "-"
            },
            "type": "file"
        },
        {
            "hidden": false,
            "name": "expand_horz_layout.png",
            "stat": {
                "perms": "rw-r--r--",
                "size": 566,
                "symlink_dest": null,
                "type": "-"
            },
            "type": "file"
        },
        {
            "hidden": false,
            "name": "expand_vert_layout.png",
            "stat": {
                "perms": "rw-r--r--",
                "size": 578,
                "symlink_dest": null,
                "type": "-"
            },
            "type": "file"
        }
    ],
    "directory": "golden",
    "package": "android-framework-23",
    "path": "android-framework-23/6.0.1+r72-6/frameworks/base/tools/layoutlib/bridge/tests/res/testApp/MyApplication/golden",
    "pkg_infos": {
        "area": "main",
        "copyright": true,
        "ctags_count": 0,
        "license": "/copyright/license/android-framework-23/6.0.1+r72-6/",
        "metric": {
            "size": 233244
        },
        "pts_link": "https://tracker.debian.org/pkg/android-framework-23",
        "sloc": [
            [
                "java",
                1707033
            ],
            [
                "xml",
                247323
            ],
            [
                "cpp",
                211819
            ],
            [
                "ansic",
                2748
            ],
            [
                "python",
                2640
            ],
            [
                "sh",
                1517
            ],
            [
                "yacc",
                343
            ],
            [
                "javascript",
                338
            ],
            [
                "lex",
                214
            ],
            [
                "ruby",
                183
            ],
            [
                "perl",
                88
            ],
            [
                "makefile",
                63
            ],
            [
                "sed",
                19
            ]
        ],
        "suites": [
            "bookworm",
            "bullseye",
            "sid"
        ],
        "vcs_browser": "https://salsa.debian.org/android-tools-team/android-framework-23",
        "vcs_type": "git"
    },
    "type": "directory",
    "version": "6.0.1+r72-6"
}