{
    "checksum": "2db8a117d65db393760488f979694e233a04442261c9fc414a3b710043f0394b",
    "file": "unarg.expected",
    "mime": {
        "encoding": "us-ascii",
        "type": "text/plain"
    },
    "number_of_duplicates": 1,
    "package": "apertium-get",
    "path": "apertium-get/1.0.0-2/t/unarg.expected",
    "pkg_infos": {
        "area": "main",
        "copyright": true,
        "ctags_count": 0,
        "license": "/copyright/license/apertium-get/1.0.0-2/",
        "metric": {
            "size": 156
        },
        "pts_link": "https://tracker.debian.org/pkg/apertium-get",
        "sloc": [
            [
                "sh",
                454
            ],
            [
                "python",
                294
            ],
            [
                "makefile",
                6
            ]
        ],
        "suites": [
            "bookworm",
            "bullseye",
            "sid"
        ],
        "vcs_browser": "https://salsa.debian.org/science-team/apertium-get",
        "vcs_type": "git"
    },
    "raw_url": "/data/main/a/apertium-get/1.0.0-2/t/unarg.expected",
    "stat": {
        "perms": "rw-r--r--",
        "size": 1910,
        "symlink_dest": null,
        "type": "-"
    },
    "text_file": true,
    "type": "file",
    "version": "1.0.0-2"
}