{
    "checksum": "c2ffb3e03c49f08f7e7c5377da0b19369395676070a7a32b761b5d415d4dac9f",
    "file": "kevin_bacon.expected",
    "mime": {
        "encoding": "us-ascii",
        "type": "text/plain"
    },
    "number_of_duplicates": 21,
    "package": "boost",
    "path": "boost/1.34.1-14/libs/graph/example/kevin_bacon.expected",
    "pkg_infos": {
        "area": "main",
        "copyright": true,
        "ctags_count": 259566,
        "license": "/copyright/license/boost/1.34.1-14/",
        "metric": {
            "size": 116412
        },
        "pts_link": "https://tracker.debian.org/pkg/boost",
        "sloc": [
            [
                "cpp",
                642395
            ],
            [
                "xml",
                56450
            ],
            [
                "python",
                17612
            ],
            [
                "ansic",
                14520
            ],
            [
                "sh",
                2265
            ],
            [
                "yacc",
                858
            ],
            [
                "perl",
                481
            ],
            [
                "makefile",
                478
            ],
            [
                "lex",
                94
            ],
            [
                "sql",
                74
            ],
            [
                "csh",
                6
            ]
        ],
        "suites": [
            "lenny"
        ]
    },
    "raw_url": "/data/main/b/boost/1.34.1-14/libs/graph/example/kevin_bacon.expected",
    "stat": {
        "perms": "rw-r--r--",
        "size": 4759,
        "symlink_dest": null,
        "type": "-"
    },
    "text_file": true,
    "type": "file",
    "version": "1.34.1-14"
}