{
    "checksum": "9d0bd1425b64ab49d23edba776a6f6c0458198fce5055b37ba6ef7f48b34acb8",
    "file": "remove_edge_if_undir.expected",
    "mime": {
        "encoding": "us-ascii",
        "type": "text/plain"
    },
    "number_of_duplicates": 18,
    "package": "boost1.35",
    "path": "boost1.35/1.35.0-5/libs/graph/example/remove_edge_if_undir.expected",
    "pkg_infos": {
        "area": "main",
        "copyright": true,
        "ctags_count": 337867,
        "license": "/copyright/license/boost1.35/1.35.0-5/",
        "metric": {
            "size": 203856
        },
        "pts_link": "https://tracker.debian.org/pkg/boost1.35",
        "sloc": [
            [
                "cpp",
                938683
            ],
            [
                "xml",
                56847
            ],
            [
                "ansic",
                41589
            ],
            [
                "python",
                18999
            ],
            [
                "sh",
                11566
            ],
            [
                "makefile",
                664
            ],
            [
                "perl",
                494
            ],
            [
                "yacc",
                456
            ],
            [
                "asm",
                353
            ],
            [
                "csh",
                6
            ]
        ],
        "suites": [
            "lenny"
        ]
    },
    "raw_url": "/data/main/b/boost1.35/1.35.0-5/libs/graph/example/remove_edge_if_undir.expected",
    "stat": {
        "perms": "rw-r--r--",
        "size": 291,
        "symlink_dest": null,
        "type": "-"
    },
    "text_file": true,
    "type": "file",
    "version": "1.35.0-5"
}