{
    "content": [
        {
            "hidden": false,
            "name": "BashTabCompletionDoclet",
            "stat": {
                "perms": "rwxr-xr-x",
                "size": 138,
                "symlink_dest": null,
                "type": "d"
            },
            "type": "directory"
        },
        {
            "hidden": false,
            "name": "HelpDoclet",
            "stat": {
                "perms": "rwxr-xr-x",
                "size": 4096,
                "symlink_dest": null,
                "type": "d"
            },
            "type": "directory"
        },
        {
            "hidden": false,
            "name": "TestDoclet",
            "stat": {
                "perms": "rwxr-xr-x",
                "size": 4096,
                "symlink_dest": null,
                "type": "d"
            },
            "type": "directory"
        }
    ],
    "directory": "expected",
    "package": "barclay",
    "path": "barclay/2.1.0-3.1/src/test/resources/org/broadinstitute/barclay/help/expected",
    "pkg_infos": {
        "area": "main",
        "copyright": true,
        "ctags_count": 0,
        "license": "/copyright/license/barclay/2.1.0-3.1/",
        "metric": {
            "size": 1248
        },
        "pts_link": "https://tracker.debian.org/pkg/barclay",
        "sloc": [
            [
                "java",
                7262
            ],
            [
                "sh",
                673
            ],
            [
                "xml",
                64
            ],
            [
                "makefile",
                27
            ]
        ],
        "suites": [
            "bookworm",
            "bullseye",
            "sid"
        ],
        "vcs_browser": "https://salsa.debian.org/java-team/barclay",
        "vcs_type": "git"
    },
    "type": "directory",
    "version": "2.1.0-3.1"
}