{
    "content": [
        {
            "hidden": false,
            "name": "resalloc-maint.1",
            "stat": {
                "perms": "rw-r--r--",
                "size": 995,
                "symlink_dest": null,
                "type": "-"
            },
            "type": "file"
        },
        {
            "hidden": false,
            "name": "resalloc.1",
            "stat": {
                "perms": "rw-r--r--",
                "size": 1241,
                "symlink_dest": null,
                "type": "-"
            },
            "type": "file"
        }
    ],
    "directory": "man",
    "package": "argparse-manpage",
    "path": "argparse-manpage/1.2.2-1/examples/resalloc/expected/man",
    "pkg_infos": {
        "area": "main",
        "copyright": true,
        "ctags_count": 0,
        "license": "/copyright/license/argparse-manpage/1.2.2-1/",
        "metric": {
            "size": 356
        },
        "pts_link": "https://tracker.debian.org/pkg/argparse-manpage",
        "sloc": [
            [
                "python",
                1818
            ],
            [
                "makefile",
                29
            ],
            [
                "sh",
                15
            ]
        ],
        "suites": [
            "bookworm",
            "bullseye",
            "sid"
        ],
        "vcs_browser": "https://salsa.debian.org/freeipa-team/argparse-manpage",
        "vcs_type": "git"
    },
    "type": "directory",
    "version": "1.2.2-1"
}