{
    "checksum": "40aaa3b1a82c294bf0cc85535f79580f85e672fd2139895f5719f870b6fea9ee",
    "file": "foo_entry.cpp",
    "mime": {
        "encoding": "us-ascii",
        "type": "text/x-c"
    },
    "number_of_duplicates": 4,
    "package": "anbox",
    "path": "anbox/0.0~git20210625-1/external/android-emugl/host/tools/emugen/tests/t.001/expected/encoder/foo_entry.cpp",
    "pkg_infos": {
        "area": "contrib",
        "copyright": true,
        "ctags_count": 0,
        "license": "/copyright/license/anbox/0.0%7Egit20210625-1/",
        "metric": {
            "size": 6960
        },
        "pts_link": "https://tracker.debian.org/pkg/anbox",
        "sloc": [
            [
                "cpp",
                50712
            ],
            [
                "ansic",
                5056
            ],
            [
                "sh",
                1209
            ],
            [
                "xml",
                850
            ],
            [
                "java",
                780
            ],
            [
                "python",
                460
            ],
            [
                "makefile",
                35
            ],
            [
                "lisp",
                7
            ]
        ],
        "suites": [],
        "vcs_browser": "https://salsa.debian.org/zhsj/anbox",
        "vcs_type": "git"
    },
    "raw_url": "/data/contrib/a/anbox/0.0~git20210625-1/external/android-emugl/host/tools/emugen/tests/t.001/expected/encoder/foo_entry.cpp",
    "stat": {
        "perms": "rw-r--r--",
        "size": 1223,
        "symlink_dest": null,
        "type": "-"
    },
    "text_file": true,
    "type": "file",
    "version": "0.0~git20210625-1"
}