{
    "content": [
        {
            "hidden": false,
            "name": "compile-fail.xml",
            "stat": {
                "perms": "rw-r--r--",
                "size": 196,
                "symlink_dest": null,
                "type": "-"
            },
            "type": "file"
        },
        {
            "hidden": false,
            "name": "completed.xml",
            "stat": {
                "perms": "rw-r--r--",
                "size": 206,
                "symlink_dest": null,
                "type": "-"
            },
            "type": "file"
        },
        {
            "hidden": false,
            "name": "lib.xml",
            "stat": {
                "perms": "rw-r--r--",
                "size": 267,
                "symlink_dest": null,
                "type": "-"
            },
            "type": "file"
        },
        {
            "hidden": false,
            "name": "misfire.xml",
            "stat": {
                "perms": "rw-r--r--",
                "size": 173,
                "symlink_dest": null,
                "type": "-"
            },
            "type": "file"
        },
        {
            "hidden": false,
            "name": "no-run.xml",
            "stat": {
                "perms": "rw-r--r--",
                "size": 207,
                "symlink_dest": null,
                "type": "-"
            },
            "type": "file"
        },
        {
            "hidden": false,
            "name": "run_pyd.xml",
            "stat": {
                "perms": "rw-r--r--",
                "size": 382,
                "symlink_dest": null,
                "type": "-"
            },
            "type": "file"
        },
        {
            "hidden": false,
            "name": "test-case.xml",
            "stat": {
                "perms": "rw-r--r--",
                "size": 265,
                "symlink_dest": null,
                "type": "-"
            },
            "type": "file"
        }
    ],
    "directory": "expected",
    "package": "boost",
    "path": "boost/1.34.1-14/tools/regression/xsl_reports/test/test-components/test_is_test_log_complete/expected",
    "pkg_infos": {
        "area": "main",
        "copyright": true,
        "ctags_count": 259566,
        "license": "/copyright/license/boost/1.34.1-14/",
        "metric": {
            "size": 116412
        },
        "pts_link": "https://tracker.debian.org/pkg/boost",
        "sloc": [
            [
                "cpp",
                642395
            ],
            [
                "xml",
                56450
            ],
            [
                "python",
                17612
            ],
            [
                "ansic",
                14520
            ],
            [
                "sh",
                2265
            ],
            [
                "yacc",
                858
            ],
            [
                "perl",
                481
            ],
            [
                "makefile",
                478
            ],
            [
                "lex",
                94
            ],
            [
                "sql",
                74
            ],
            [
                "csh",
                6
            ]
        ],
        "suites": [
            "lenny"
        ]
    },
    "type": "directory",
    "version": "1.34.1-14"
}