{
    "checksum": "e2583ca73a0b277882d22860b19245b33e743858fd39956c8ef0c14f1b1a7def",
    "file": "foo_opcodes.h",
    "mime": {
        "encoding": "us-ascii",
        "type": "text/x-c"
    },
    "number_of_duplicates": 8,
    "package": "anbox",
    "path": "anbox/0.0~git20210625-1/external/android-emugl/host/tools/emugen/tests/t.001/expected/decoder/foo_opcodes.h",
    "pkg_infos": {
        "area": "contrib",
        "copyright": true,
        "ctags_count": 0,
        "license": "/copyright/license/anbox/0.0%7Egit20210625-1/",
        "metric": {
            "size": 6960
        },
        "pts_link": "https://tracker.debian.org/pkg/anbox",
        "sloc": [
            [
                "cpp",
                50712
            ],
            [
                "ansic",
                5056
            ],
            [
                "sh",
                1209
            ],
            [
                "xml",
                850
            ],
            [
                "java",
                780
            ],
            [
                "python",
                460
            ],
            [
                "makefile",
                35
            ],
            [
                "lisp",
                7
            ]
        ],
        "suites": [],
        "vcs_browser": "https://salsa.debian.org/zhsj/anbox",
        "vcs_type": "git"
    },
    "raw_url": "/data/contrib/a/anbox/0.0~git20210625-1/external/android-emugl/host/tools/emugen/tests/t.001/expected/decoder/foo_opcodes.h",
    "stat": {
        "perms": "rw-r--r--",
        "size": 343,
        "symlink_dest": null,
        "type": "-"
    },
    "text_file": true,
    "type": "file",
    "version": "0.0~git20210625-1"
}