{
    "checksum": "6c3f53005a29209f78bf103d3d59399a799f1b5d2cf1ea1332057c514118ac4f",
    "file": "gulp-babili-test.js.snap",
    "mime": {
        "encoding": "us-ascii",
        "type": "text/plain"
    },
    "number_of_duplicates": 3,
    "package": "babel-minify",
    "path": "babel-minify/0.5.0-4/packages/gulp-babel-minify/__tests__/__snapshots__/gulp-babili-test.js.snap",
    "pkg_infos": {
        "area": "main",
        "copyright": true,
        "ctags_count": 0,
        "license": "/copyright/license/babel-minify/0.5.0-4/",
        "metric": {
            "size": 11044
        },
        "pts_link": "https://tracker.debian.org/pkg/babel-minify",
        "sloc": [
            [
                "javascript",
                14739
            ],
            [
                "python",
                541
            ],
            [
                "sh",
                81
            ],
            [
                "makefile",
                6
            ]
        ],
        "suites": [
            "experimental"
        ],
        "vcs_browser": "https://salsa.debian.org/js-team/babel-minify",
        "vcs_type": "git"
    },
    "raw_url": "/data/main/b/babel-minify/0.5.0-4/packages/gulp-babel-minify/__tests__/__snapshots__/gulp-babili-test.js.snap",
    "stat": {
        "perms": "rw-r--r--",
        "size": 675,
        "symlink_dest": null,
        "type": "-"
    },
    "text_file": true,
    "type": "file",
    "version": "0.5.0-4"
}