{
    "checksum": "2c51ecdf3ff2ce3f2562c0356b4bc3a104a9248bfc78c622d32f817b8370341e",
    "file": "002.unstarch.signature.001.expected",
    "mime": {
        "encoding": "us-ascii",
        "type": "text/plain"
    },
    "number_of_duplicates": 1,
    "package": "bedops",
    "path": "bedops/2.4.39+dfsg1-2/tests/starch/data/002.unstarch.signature.001.expected",
    "pkg_infos": {
        "area": "main",
        "copyright": true,
        "ctags_count": 0,
        "license": "/copyright/license/bedops/2.4.39+dfsg1-2/",
        "metric": {
            "size": 20900
        },
        "pts_link": "https://tracker.debian.org/pkg/bedops",
        "sloc": [
            [
                "ansic",
                27933
            ],
            [
                "cpp",
                15306
            ],
            [
                "sh",
                2670
            ],
            [
                "makefile",
                2568
            ],
            [
                "xml",
                1669
            ],
            [
                "python",
                1582
            ],
            [
                "csh",
                823
            ],
            [
                "perl",
                365
            ],
            [
                "java",
                172
            ]
        ],
        "suites": [
            "bookworm",
            "bullseye",
            "sid"
        ],
        "vcs_browser": "https://salsa.debian.org/med-team/bedops",
        "vcs_type": "git"
    },
    "raw_url": "/data/main/b/bedops/2.4.39%2Bdfsg1-2/tests/starch/data/002.unstarch.signature.001.expected",
    "stat": {
        "perms": "rw-r--r--",
        "size": 218,
        "symlink_dest": null,
        "type": "-"
    },
    "text_file": true,
    "type": "file",
    "version": "2.4.39+dfsg1-2"
}