{
    "checksum": "cc3cfb16498237e8c4325a0aedeeb226710b24d5219f7d40ce1aefc4d5d9fe79",
    "file": "messages.expected",
    "mime": {
        "encoding": "us-ascii",
        "type": "text/plain"
    },
    "number_of_duplicates": 1,
    "package": "chicken",
    "path": "chicken/5.2.0-2/tests/messages.expected",
    "pkg_infos": {
        "area": "main",
        "copyright": true,
        "ctags_count": 0,
        "license": "/copyright/license/chicken/5.2.0-2/",
        "metric": {
            "size": 32804
        },
        "pts_link": "https://tracker.debian.org/pkg/chicken",
        "sloc": [
            [
                "ansic",
                579676
            ],
            [
                "lisp",
                71716
            ],
            [
                "tcl",
                1445
            ],
            [
                "sh",
                576
            ],
            [
                "makefile",
                58
            ]
        ],
        "suites": [
            "bookworm",
            "bullseye",
            "sid"
        ]
    },
    "raw_url": "/data/main/c/chicken/5.2.0-2/tests/messages.expected",
    "stat": {
        "perms": "rw-r--r--",
        "size": 199,
        "symlink_dest": null,
        "type": "-"
    },
    "text_file": true,
    "type": "file",
    "version": "5.2.0-2"
}