{
    "checksum": "b8b5d19230aabec8d812aae3435c5fefcad9e7b189c09f0e26ed9c3773b1a255",
    "file": "bashTabCompletionDocletTestLaunch-completion.sh",
    "mime": {
        "encoding": "us-ascii",
        "type": "text/plain"
    },
    "number_of_duplicates": 2,
    "package": "barclay",
    "path": "barclay/2.1.0-3.1/src/test/resources/org/broadinstitute/barclay/help/expected/BashTabCompletionDoclet/bashTabCompletionDocletTestLaunch-completion.sh",
    "pkg_infos": {
        "area": "main",
        "copyright": true,
        "ctags_count": 0,
        "license": "/copyright/license/barclay/2.1.0-3.1/",
        "metric": {
            "size": 1248
        },
        "pts_link": "https://tracker.debian.org/pkg/barclay",
        "sloc": [
            [
                "java",
                7262
            ],
            [
                "sh",
                673
            ],
            [
                "xml",
                64
            ],
            [
                "makefile",
                27
            ]
        ],
        "suites": [
            "bookworm",
            "bullseye",
            "sid"
        ],
        "vcs_browser": "https://salsa.debian.org/java-team/barclay",
        "vcs_type": "git"
    },
    "raw_url": "/data/main/b/barclay/2.1.0-3.1/src/test/resources/org/broadinstitute/barclay/help/expected/BashTabCompletionDoclet/bashTabCompletionDocletTestLaunch-completion.sh",
    "stat": {
        "perms": "rw-r--r--",
        "size": 22191,
        "symlink_dest": null,
        "type": "-"
    },
    "text_file": true,
    "type": "file",
    "version": "2.1.0-3.1"
}