{
    "checksum": "e265e285fec5d32c0a95847da9eb6cc7a5ff9b9471bc3eb605996c4408d49d2e",
    "file": "TEST_pt.arb.pt.expected",
    "mime": {
        "encoding": "binary",
        "type": "application/octet-stream"
    },
    "number_of_duplicates": 4,
    "package": "arb",
    "path": "arb/6.0.6-4/UNIT_TESTER/run/TEST_pt.arb.pt.expected",
    "pkg_infos": {
        "area": "non-free",
        "copyright": true,
        "ctags_count": 0,
        "license": "/copyright/license/arb/6.0.6-4/",
        "metric": {
            "size": 66032
        },
        "pts_link": "https://tracker.debian.org/pkg/arb",
        "sloc": [
            [
                "ansic",
                394907
            ],
            [
                "cpp",
                250290
            ],
            [
                "makefile",
                19639
            ],
            [
                "sh",
                15879
            ],
            [
                "perl",
                10473
            ],
            [
                "fortran",
                6019
            ],
            [
                "ruby",
                683
            ],
            [
                "xml",
                503
            ],
            [
                "python",
                53
            ],
            [
                "awk",
                32
            ]
        ],
        "suites": [
            "bookworm",
            "bullseye",
            "buster",
            "sid"
        ],
        "vcs_browser": "https://salsa.debian.org/med-team/arb",
        "vcs_type": "git"
    },
    "raw_url": "/data/non-free/a/arb/6.0.6-4/UNIT_TESTER/run/TEST_pt.arb.pt.expected",
    "stat": {
        "perms": "rw-r--r--",
        "size": 29420,
        "symlink_dest": null,
        "type": "-"
    },
    "text_file": false,
    "type": "file",
    "version": "6.0.6-4"
}